
> swift-fix-web@0.1.0 build /home/clementdevv/Desktop/Dero/Swift_fix/swift-fix-web
> next build

▲ Next.js 16.2.1 (Turbopack)
- Environments: .env.local

  Creating an optimized production build ...
✓ Compiled successfully in 9.3s
  Running TypeScript ...
  Finished TypeScript in 6.7s ...
  Collecting page data using 7 workers ...
  Generating static pages using 7 workers (0/8) ...
  Generating static pages using 7 workers (2/8) 
  Generating static pages using 7 workers (4/8) 
  Generating static pages using 7 workers (6/8) 
✓ Generating static pages using 7 workers (8/8) in 469ms
  Finalizing page optimization ...

Route (app)
┌ ○ /
├ ○ /_not-found
├ ○ /dashboard/client
├ ○ /dashboard/service_provider
├ ○ /forgot-password
├ ○ /login
└ ○ /signup


ƒ Proxy (Middleware)

○  (Static)  prerendered as static content

